<!DOCTYPE html><html lang="en"><head>
  <link rel="stylesheet" href="style.css" integrity="sha256-oG/XUN5zdJg9r0ABZWSx+28haO0sV0LM9pkS6FdIA8A= sha384-rVWZyZaSdPEvKfhMfMQVa5Dmhq0Nm1Kn+7IxuWfa3oxHpTQJ3OCEBDN6iQLJzAcI sha512-PeZ47ZIYk+4QCtLt/2EM80s6H46oiuR5sGnLd1D0yIYM3EeGp/9ZOrR6sUB/6Rlds0XqRDN2XTW+9iE9Nec23Q==">
  <link rel="stylesheet" href="style.css" integrity="sha256-oG/XUN5zdJg9r0ABZWSx+28haO0sV0LM9pkS6FdIA8A= sha384-rVWZyZaSdPEvKfhMfMQVa5Dmhq0Nm1Kn+7IxuWfa3oxHpTQJ3OCEBDN6iQLJzAcI sha512-PeZ47ZIYk+4QCtLt/2EM80s6H46oiuR5sGnLd1D0yIYM3EeGp/9ZOrR6sUB/6Rlds0XqRDN2XTW+9iE9Nec23Q==">
  <link href="https://stackpath.bootstrapcdn.com/bootstrap/4.3.1/css/bootstrap.min.css" rel="stylesheet" integrity="sha384-ggOyR0iXCbMQv3Xipma34MD+dH/1fQ784/j6cY/iJTQUOhcWr7x9JvoRxT2MZw1T" crossorigin="anonymous">
  <link rel="stylesheet" href="//use.fontawesome.com/releases/v5.8.2/css/all.css">
  <link href="https://fonts.googleapis.com/css?family=Roboto&amp;display=swap" rel="stylesheet">
</head>
<body>
<script src="script.js" integrity="sha256-oouMTC+GBbmDnmCcd+j9YjXWnGePm/01/VUI5xCcvmI= sha384-OWEZQZeSlY/MFePsScouReLsIME1kn4bId5gGFXmZrK4gbfN7N3k0RVGPH3zxlIb sha512-F0jCtH0ODXBtiiIqoUMWuBINPvHiJsub1mT9Tg8/m03c7lcOnh65AuFX6AGoILLS5038SQAAcG8FyuZ/woPfiQ=="></script>
<script src="script.js" integrity="sha256-oouMTC+GBbmDnmCcd+j9YjXWnGePm/01/VUI5xCcvmI= sha384-OWEZQZeSlY/MFePsScouReLsIME1kn4bId5gGFXmZrK4gbfN7N3k0RVGPH3zxlIb sha512-F0jCtH0ODXBtiiIqoUMWuBINPvHiJsub1mT9Tg8/m03c7lcOnh65AuFX6AGoILLS5038SQAAcG8FyuZ/woPfiQ=="></script>
<script src="https://stackpath.bootstrapcdn.com/bootstrap/4.3.1/js/bootstrap.bundle.min.js" integrity="sha256-fzFFyH01cBVPYzl16KT40wqjhgPtq6FFUB6ckN2+GGw= sha384-xrRywqdh3PHs8keKZN+8zzc5TX0GRTLCcmivcbNJWm2rs5C8PRhcEn3czEjhAO9o sha512-TqmAh0/sSbwSuVBODEagAoiUIeGRo8u95a41zykGfq5iPkO9oie8IKCgx7yAr1bfiBjZeuapjLgMdp9UMpCVYQ==" crossorigin="anonymous"></script>


</body></html>