<!-- doctype-first -->
<html>
<head>
    <!-- head-req-title -->
</head>
</html>
