<!-- doctype-first -->
<html>
<head>
    <!-- head-req-title -->
</head>
<body>
<code><img></code>
</body>
</html>
